QStandardPaths: XDG_RUNTIME_DIR not set, defaulting to '/tmp/runtime-jules'
DSView: ----------------- version: 1.3.2-----------------
DSView: Qt:6.4.2
DSView: 2025-08-27 10:24:50
DSView: GetAppDataDir:"/app/install/share/DSView"
DSView: GetFirmwareDir:"/app/install/share/DSView/res"
DSView: GetUserDataDir:"/home/jules/.local/share/DreamSourceLab/DSView"
DSView: GetDecodeScriptDir:"/app/install/share/libsigrokdecode4DSL/decoders"
sr: lib_main: Init libsigrok.
sr: lib_main: Scan all connected hardware device.
sr: dslogic: Scan DSLogic device...
sr: dslogic: Found new DSLogic device count: 0
sr: dscope: Scan DSCope device...
sr: dscope: Found new DSCope device count: 0
sr: backend: Register hotplug callback.
sr: lib_main: Hotplug thread start!
DSView: Set default device.
sr: lib_main: Start activating device.
sr: lib_main: Activating device name: "Demo Device".
sr: lib_main: To open device, name:"Demo Device"
sr: lib_main: Activating device end.
DSView: Switch to device "Demo Device" done.
DSView: Update device list.
DSView: Update rate list.
DSView: Update sample count list.
DSView: Read region info, x:0, y:0, w:0, h:0, isMax:0
DSView: Screen name:, region, left:0, top:0, width:800, height:800
DSView: Reset, screen:, x:0, y:0, w:800, h:800
DSView: Normal region, x:133, y:133, w:533, h:533
DSView: Init form, x:133, y:133, w:533, h:533, k:1
